{"version":1,"block":{"blocked":true,"results":[{"aci":"aaaaaaaa-aaaa-4aaa-8aaa-aaaaaaaaaaaa","pni":"eeeeeeee-eeee-4eee-8eee-eeeeeeeeeeee","number":"+15550101","name":"Alice Smith","contactName":"Alice Smith","profileName":"Ali","blocked":true,"messageRequestAccepted":true,"changed":true},{"aci":"bbbbbbbb-bbbb-4bbb-8bbb-bbbbbbbbbbbb","number":"+15550102","blocked":true,"messageRequestAccepted":false,"changed":false}]}}
