{"version":1,"contacts":[{"aci":"bbbbbbbb-bbbb-4bbb-8bbb-bbbbbbbbbbbb","number":"+15550102","blocked":true,"messageRequestAccepted":false},{"aci":"aaaaaaaa-aaaa-4aaa-8aaa-aaaaaaaaaaaa","pni":"eeeeeeee-eeee-4eee-8eee-eeeeeeeeeeee","number":"+15550101","name":"Alice Smith","contactName":"Alice Smith","profileName":"Ali","blocked":false,"messageRequestAccepted":true},{"aci":"cccccccc-cccc-4ccc-8ccc-cccccccccccc","name":"carol","nickname":"carol","profileName":"Caroline","blocked":false}]}
