ID:                    Y2x1Yi1pZC1jbHViLWlkLWNsdWItaWQtY2x1Yi1pZC0=
Title:                 Club
Description:           -
Revision:              3
Our role:              invited
Disappearing messages: off
Who can send:          all members

Members (1):
  aaaaaaaa-aaaa-4aaa-8aaa-aaaaaaaaaaaa  admin

Invited (1):
  me  member  invited by aaaaaaaa-aaaa-4aaa-8aaa-aaaaaaaaaaaa  2026-09-20 12:30:00 UTC
