ID:                    AzUyW+GaunwmX7HtFgJ7btNTYB3nVSiQmJ/wcdC5I4E=
Title:                 Weekend 🐶
Description:           -
Revision:              0
Our role:              admin
Disappearing messages: off
Who can send:          all members
Who can edit details:  all members
Who can add members:   only admins

Members (2):
  me                                    admin
  aaaaaaaa-aaaa-4aaa-8aaa-aaaaaaaaaaaa  member
