{"version":1,"group":{"id":"Y2x1Yi1pZC1jbHViLWlkLWNsdWItaWQtY2x1Yi1pZC0=","title":"Club","revision":3,"membership":"pending","role":"member","timerSeconds":0,"announcementsOnly":false,"membersCanEditAttributes":false,"membersCanAddMembers":false,"members":[{"aci":"aaaaaaaa-aaaa-4aaa-8aaa-aaaaaaaaaaaa","role":"admin","joinedAtRevision":0}],"pending":[{"pni":"44444444-4444-4444-8444-444444444444","role":"member","addedBy":{"aci":"aaaaaaaa-aaaa-4aaa-8aaa-aaaaaaaaaaaa"},"invitedAt":"2026-09-20T12:30:00Z"}],"requesting":[],"banned":[]}}
