PNI:         PNI:aaaaaaaa-aaaa-4aaa-8aaa-aaaaaaaaaaaa
Fingerprint: 05ffeeddccbbaa99887766554433221100ffeeddccbbaa99887766554433221100
Trust:       untrusted
First seen:  -
Changed:     -

Safety number:
  24971 66441 55228 73423
  66002 45238 32232 62848
  37999 27536 54669 08925

█████████████████████████████████████████
█████████████████████████████████████████
████ ▄▄▄▄▄ ██▄ ▀  █  ██ ▄██  █ ▄▄▄▄▄ ████
████ █   █ █▄  ▀▀███ ██  █▄▀▀█ █   █ ████
████ █▄▄▄█ ██▀▄ ▄██   █  ██  █ █▄▄▄█ ████
████▄▄▄▄▄▄▄█ ▀ █▄▀▄▀▄▀▄▀ ▀▄▀ █▄▄▄▄▄▄▄████
████ ▄▄▀ ▄▄▄▄█ ██  ▄█  ██▄ ██▄ ▀██ ▀▀████
████▀▀▀▀  ▄▀█▄█▀█ ▀█▀  ▀ ▀▄▀█▀ ▀▀▄▄█▄████
████▄▀▄ █▀▄  ▀█▄█  ██  ██  ███  █ █  ████
████ ████▀▄██▀█▀▄▀▀██ ▄█▄ ▀▀  ▄▄▄▄█▄ ████
████ ▄ ▀▀█▄▀▀ ▀▄█  ██  ██  ███ ██▀█▀▀████
████▀▄█▀▄█▄ ██ ▀▄  ▀▄ ▄▀▄  ▀ ███ ▄█▄▄████
█████▀▀██ ▄▀█████  ▄█  ██  ███ ██▀█▀ ████
████▄▀▄   ▄▀ ▀█▀█ █▀   ▀▄▀██ ▄ ▀█▄▄  ████
████▄██▄█▄▄█ █ ▄█  ██  ██  █ ▄▄▄ █▀  ████
████ ▄▄▄▄▄ █ █▀█ ▀▀▀▄ ▄█  ▄  █▄█ ██▄ ████
████ █   █ █▄█ ██  ▄█  ██  ▀  ▄  █▀▀█████
████ █▄▄▄█ █ ▄▀█ ▀██▄ ██   ▄  █▄▄██ ▄████
████▄▄▄▄▄▄▄█▄█▄██▄▄██▄▄██▄▄█▄▄▄█▄██▄▄████
█████████████████████████████████████████
▀▀▀▀▀▀▀▀▀▀▀▀▀▀▀▀▀▀▀▀▀▀▀▀▀▀▀▀▀▀▀▀▀▀▀▀▀▀▀▀▀
Compare this with the safety number in Signal on your phone (open the chat, tap the name, View safety number), or scan the code there. If they match, run:
  go-signal identities trust PNI:aaaaaaaa-aaaa-4aaa-8aaa-aaaaaaaaaaaa --safety-number 249716644155228734236600245238322326284837999275365466908925
