ACI:         aaaaaaaa-aaaa-4aaa-8aaa-aaaaaaaaaaaa
Fingerprint: 05a1b2c3d4e5f60718293a4b5c6d7e8f90a1b2c3d4e5f60718293a4b5c6d7e8f90
Trust:       trusted-unverified
First seen:  2026-09-20 12:30:00 UTC
Changed:     -

Safety number:
  84741 15424 15762 53567
  17645 53031 16577 43572
  52933 44162 28289 35299

█████████████████████████████████████████
█████████████████████████████████████████
████ ▄▄▄▄▄ ██▄ ▀ ██  ██ ▄█▀  █ ▄▄▄▄▄ ████
████ █   █ █▄  █ ██  ██▀ ██▀▀█ █   █ ████
████ █▄▄▄█ ██▀▄  ▀▀  ▀█  █▀  █ █▄▄▄█ ████
████▄▄▄▄▄▄▄█ ▀ ▀▄▀▄▀▄▀ █▄▀▄▀▄█▄▄▄▄▄▄▄████
████▄▄ ▀▄▄▄▄▄█ ▄█  ▄█  ██  ██▄ ▀██ ▀▀████
████ ▄▄▀█▄▄█ ▄██▄▀██▄▀ ▀▀ ▄▀ ▀█▀▀▄▄█▄████
████▄▄▄▄█▀▄█ ▀███  ██  ██  ███  █ █  ████
████▀▄█  ▀▄▀▄▄ ▀▀▀ ▀▀ █▀▀▀▀█▄ ▄▄▄▄█▄ ████
████ █▀▀▀▄▄█ ████  ██  ██  ███ ██▀█▀▀████
█████▀▀ ▄▀▄ ██▀██ ██▄▀▀▀   ▀ ▄ █ ▄█▄▄████
████▄ █▀  ▄▀▀ ▄██  ██  ██  ███ ██▀█▀ ████
████▄▀ ▄ ▄▄  █▀▀█ ▄█▀ ▀█ ▀▀▀▀ ▄▀█▄▄  ████
████▄███▄▄▄▄▀▀ ▄█  ██  ██  █ ▄▄▄ █▀  ████
████ ▄▄▄▄▄ █ ▀█▀▄ ▄▀▀ ▀█▀ █  █▄█ ██▄ ████
████ █   █ █▄▀▄▄█▄ ██  ██  █▄ ▄  █▀▀█████
████ █▄▄▄█ █ ▄ █▄▀▄██▀█▀█ ▀█  █▄▄██ ▄████
████▄▄▄▄▄▄▄█▄▄▄██▄▄██▄▄██▄▄█▄▄▄█▄██▄▄████
█████████████████████████████████████████
▀▀▀▀▀▀▀▀▀▀▀▀▀▀▀▀▀▀▀▀▀▀▀▀▀▀▀▀▀▀▀▀▀▀▀▀▀▀▀▀▀
Compare this with the safety number in Signal on your phone (open the chat, tap the name, View safety number), or scan the code there. If they match, run:
  go-signal identities trust aaaaaaaa-aaaa-4aaa-8aaa-aaaaaaaaaaaa --safety-number 847411542415762535671764553031165774357252933441622828935299
