{"version":1,"doctor":{"healthy":true,"checks":[{"name":"policy","status":"ok","detail":"sends to 1 allowed recipient; no attachments"},{"name":"transport","status":"ok","detail":"stdin/stdout"},{"name":"account","status":"ok","detail":"+15550100 (ACI 11111111-1111-1111-1111-111111111111, device 2)"},{"name":"lock","status":"ok","detail":"free"},{"name":"server","status":"ok","detail":"reachable; device 2 is linked (3 devices)"},{"name":"inbox","status":"ok","detail":"0 entries in 0 chats, 0 unread"},{"name":"download dir","status":"ok","detail":"/nonexistent/go-signal/attachments (created on the first download)"}]}}
