{"version":1,"pinState":{"chat":{"groupId":"Z3JvdXAtaWQtZ3JvdXAtaWQtZ3JvdXAtaWQtZ3JvdXA="},"observations":[{"targetAuthor":{"aci":"aaaaaaaa-aaaa-4aaa-8aaa-aaaaaaaaaaaa"},"targetTimestamp":1789907401000,"operation":"unpin","sender":{"aci":"aaaaaaaa-aaaa-4aaa-8aaa-aaaaaaaaaaaa"},"timestamp":1789907404000,"entryId":3,"receivedAt":"2026-09-21T14:13:20.002Z","targetDeleted":false},{"targetAuthor":{"aci":"aaaaaaaa-aaaa-4aaa-8aaa-aaaaaaaaaaaa"},"targetTimestamp":1789907401001,"durationSeconds":0,"forever":true,"operation":"pin","sender":{"aci":"11111111-1111-1111-1111-111111111111"},"timestamp":1789907403000,"entryId":2,"receivedAt":"2026-09-21T14:13:20.001Z","targetDeleted":false}],"completeness":"unknown","scanned":3,"firstEntryId":1,"lastEntryId":3,"truncated":false,"ignoredInvalid":0,"conflicts":0}}
