{"version":1,"pinState":{"chat":{"groupId":"Z3JvdXAtaWQtZ3JvdXAtaWQtZ3JvdXAtaWQtZ3JvdXA="},"observations":[{"targetAuthor":{"aci":"aaaaaaaa-aaaa-4aaa-8aaa-aaaaaaaaaaaa"},"targetTimestamp":1789907401000,"operation":"unpin","sender":{"aci":"aaaaaaaa-aaaa-4aaa-8aaa-aaaaaaaaaaaa"},"timestamp":1789907404000,"entryId":3,"receivedAt":"2026-09-21T14:13:20.002Z","targetDeleted":false}],"completeness":"unknown","scanned":1,"firstEntryId":3,"lastEntryId":3,"truncated":true,"ignoredInvalid":0,"conflicts":0}}
