{"version":1,"poll":{"timestamp":1790000000000,"results":[{"type":"group","groupId":"Z3JvdXAtaWQtZ3JvdXAtaWQtZ3JvdXAtaWQtZ3JvdXA=","timestamp":1790000000000,"success":true,"members":[{"aci":"aaaaaaaa-aaaa-4aaa-8aaa-aaaaaaaaaaaa","success":true,"unidentified":true},{"aci":"cccccccc-cccc-4ccc-8ccc-cccccccccccc","success":true,"unidentified":true}]}],"operation":"create","targetAuthor":{"aci":"11111111-1111-1111-1111-111111111111"},"targetTimestamp":1790000000000,"creation":{"question":"When?","options":["Today","Tomorrow"],"allowMultiple":false}}}
