Poll aaaaaaaa-aaaa-4aaa-8aaa-aaaaaaaaaaaa:1789999999000 in group:Z3JvdXAtaWQtZ3JvdXAtaWQtZ3JvdXAtaWQtZ3JvdXA=
Based on retained observations; completeness: unknown.
Scanned 0 entries (IDs 0–0); truncated: false; ignored invalid: 0; conflicts: 0.
Poll creation unavailable; tally unavailable.
Poll closure not observed.
