{"version":1,"pollState":{"chat":{"groupId":"Z3JvdXAtaWQtZ3JvdXAtaWQtZ3JvdXAtaWQtZ3JvdXA="},"author":{"aci":"aaaaaaaa-aaaa-4aaa-8aaa-aaaaaaaaaaaa"},"timestamp":1789907401000,"creationPresent":false,"votes":[],"closureObserved":true,"closedAt":1789907403000,"deleted":false,"completeness":"unknown","scanned":1,"firstEntryId":3,"lastEntryId":3,"truncated":true,"ignoredInvalid":0,"conflicts":0}}
