Poll aaaaaaaa-aaaa-4aaa-8aaa-aaaaaaaaaaaa:1789907401000 in group:Z3JvdXAtaWQtZ3JvdXAtaWQtZ3JvdXAtaWQtZ3JvdXA=
Based on retained observations; completeness: unknown.
Durable projection: 3 observations; ignored invalid: 0; conflicts: 0.
[poll When?; 0: Today; 1: Tomorrow]
Observed tally: [1 0]
Poll closure observed at 1789907403000.
bbbbbbbb-bbbb-4bbb-8bbb-bbbbbbbbbbbb: options [0] (counter 1, timestamp 1789907402000)
