Poll aaaaaaaa-aaaa-4aaa-8aaa-aaaaaaaaaaaa:1789907401000 in group:Z3JvdXAtaWQtZ3JvdXAtaWQtZ3JvdXAtaWQtZ3JvdXA=
Based on retained observations; completeness: unknown.
Scanned 1 entries (IDs 3–3); truncated: true; ignored invalid: 0; conflicts: 0.
Poll creation unavailable; tally unavailable.
Poll closure observed at 1789907403000.
