{"version":1,"pollState":{"chat":{"recipient":{"aci":"aaaaaaaa-aaaa-4aaa-8aaa-aaaaaaaaaaaa"}},"author":{"aci":"aaaaaaaa-aaaa-4aaa-8aaa-aaaaaaaaaaaa"},"timestamp":1234,"creationPresent":true,"creation":{"question":"Q","options":["a","b"],"allowMultiple":false},"tally":[0,0],"votes":[],"closureObserved":false,"deleted":false,"completeness":"unknown","scanned":1,"firstEntryId":1,"lastEntryId":1,"truncated":false,"ignoredInvalid":0,"conflicts":0}}
