{"version":1,"pollState":{"chat":{"groupId":"Z3JvdXAtaWQtZ3JvdXAtaWQtZ3JvdXAtaWQtZ3JvdXA="},"author":{"aci":"aaaaaaaa-aaaa-4aaa-8aaa-aaaaaaaaaaaa"},"timestamp":1789907401000,"creationPresent":true,"creation":{"question":"When?","options":["Today","Tomorrow"],"allowMultiple":true},"tally":[1,0],"votes":[{"voter":{"aci":"bbbbbbbb-bbbb-4bbb-8bbb-bbbbbbbbbbbb"},"optionIndexes":[0],"voteCount":1,"timestamp":1789907402000}],"closureObserved":true,"closedAt":1789907403000,"deleted":false,"completeness":"unknown","scanned":3,"firstEntryId":1,"lastEntryId":3,"truncated":false,"ignoredInvalid":0,"conflicts":0}}
