{"version":1,"type":"message","sender":{"aci":"aaaaaaaa-aaaa-4aaa-8aaa-aaaaaaaaaaaa","name":"Alice Smith"},"chat":{"groupId":"Z3JvdXAtaWQtZ3JvdXAtaWQtZ3JvdXAtaWQtZ3JvdXA=","groupTitle":"Family"},"timestamp":1789907401000,"time":"2026-09-20T12:30:01Z","sync":false,"body":"😀 ￼ ￼","mentions":[{"start":3,"length":1,"recipient":{"aci":"bbbbbbbb-bbbb-4bbb-8bbb-bbbbbbbbbbbb"}},{"start":5,"length":1,"recipient":{"aci":"11111111-1111-1111-1111-111111111111"}}],"quote":{"author":{"aci":"bbbbbbbb-bbbb-4bbb-8bbb-bbbbbbbbbbbb"},"timestamp":1789907400000,"text":"Hi ￼","mentions":[{"start":3,"length":1,"recipient":{"aci":"aaaaaaaa-aaaa-4aaa-8aaa-aaaaaaaaaaaa","name":"Alice Smith"}}]}}
{"version":1,"type":"edit","sender":{"aci":"11111111-1111-1111-1111-111111111111"},"chat":{"recipient":{"aci":"bbbbbbbb-bbbb-4bbb-8bbb-bbbbbbbbbbbb"}},"timestamp":1789907402000,"time":"2026-09-20T12:30:02Z","sync":true,"targetTimestamp":1789907401000,"body":"￼!","mentions":[{"start":0,"length":1,"recipient":{"aci":"aaaaaaaa-aaaa-4aaa-8aaa-aaaaaaaaaaaa","name":"Alice Smith"}}]}
{"version":1,"type":"queueEmpty"}
