{"version":1,"type":"story","sender":{"aci":"aaaaaaaa-aaaa-4aaa-8aaa-aaaaaaaaaaaa"},"chat":{"recipient":{"aci":"aaaaaaaa-aaaa-4aaa-8aaa-aaaaaaaaaaaa"}},"timestamp":1789907401000,"time":"2026-09-20T12:30:01Z","sync":false,"allowsReplies":true,"text":{"body":"Hello\nStory","style":"bold","backgroundColor":0,"preview":{"url":"https://example.org","title":"Story link","image":{"contentType":"image/png","filename":"story.png","size":3,"path":"$DIR/1789907401000-1-story.png"}}}}
{"version":1,"type":"story","sender":{"aci":"aaaaaaaa-aaaa-4aaa-8aaa-aaaaaaaaaaaa"},"chat":{"recipient":{"aci":"aaaaaaaa-aaaa-4aaa-8aaa-aaaaaaaaaaaa"}},"timestamp":1789907401000,"time":"2026-09-20T12:30:01Z","sync":false,"allowsReplies":false,"file":{"contentType":"image/png","filename":"story.png","size":3,"downloadError":"CDN unreachable"}}
{"version":1,"type":"story","sender":{"aci":"11111111-1111-1111-1111-111111111111"},"chat":{"groupId":"Z3JvdXAtaWQtZ3JvdXAtaWQtZ3JvdXAtaWQtZ3JvdXA="},"timestamp":1789907402000,"time":"2026-09-20T12:30:02Z","sync":true,"allowsReplies":false,"text":{"body":"Shared from phone","style":"regular"}}
{"version":1,"type":"message","sender":{"aci":"aaaaaaaa-aaaa-4aaa-8aaa-aaaaaaaaaaaa"},"chat":{"recipient":{"aci":"aaaaaaaa-aaaa-4aaa-8aaa-aaaaaaaaaaaa"}},"timestamp":1789907401000,"time":"2026-09-20T12:30:01Z","sync":false,"body":"still receiving"}
