{"version":1,"type":"message","sender":{"aci":"aaaaaaaa-aaaa-4aaa-8aaa-aaaaaaaaaaaa"},"chat":{},"timestamp":1789907401000,"time":"2026-09-20T12:30:01Z","sync":false,"sticker":{"packId":"0123456789abcdef0123456789abcdef","stickerId":0,"emoji":"😀","image":{"contentType":"image/webp","size":3,"path":"$DIR/1789907401000-sticker-0.webp"}}}
{"version":1,"type":"message","sender":{"aci":"aaaaaaaa-aaaa-4aaa-8aaa-aaaaaaaaaaaa"},"chat":{},"timestamp":1789907402000,"time":"2026-09-20T12:30:02Z","sync":false,"sticker":{"packId":"0123456789abcdef0123456789abcdef","stickerId":7,"image":{"contentType":"image/webp","size":3,"downloadError":"CDN unreachable"}}}
{"version":1,"type":"message","sender":{"aci":"aaaaaaaa-aaaa-4aaa-8aaa-aaaaaaaaaaaa"},"chat":{},"timestamp":1789907403000,"time":"2026-09-20T12:30:03Z","sync":false,"sticker":{"packId":"0123456789abcdef0123456789abcdef","stickerId":9}}
{"version":1,"type":"message","sender":{"aci":"aaaaaaaa-aaaa-4aaa-8aaa-aaaaaaaaaaaa"},"chat":{},"timestamp":1789907404000,"time":"2026-09-20T12:30:04Z","sync":false,"body":"still receiving"}
