{"version":1,"type":"message","sender":{"aci":"aaaaaaaa-aaaa-4aaa-8aaa-aaaaaaaaaaaa"},"chat":{"groupId":"Z3JvdXAtaWQtZ3JvdXAtaWQtZ3JvdXAtaWQtZ3JvdXA="},"timestamp":1789907401000,"time":"2026-09-20T12:30:01Z","sync":false,"poll":{"question":"When?","options":["Today","Tomorrow"],"allowMultiple":true}}
{"version":1,"type":"pollVote","sender":{"aci":"bbbbbbbb-bbbb-4bbb-8bbb-bbbbbbbbbbbb"},"chat":{"groupId":"Z3JvdXAtaWQtZ3JvdXAtaWQtZ3JvdXAtaWQtZ3JvdXA="},"timestamp":1789907402000,"time":"2026-09-20T12:30:02Z","sync":false,"targetAuthor":{"aci":"aaaaaaaa-aaaa-4aaa-8aaa-aaaaaaaaaaaa"},"targetTimestamp":1789907401000,"optionIndexes":[0],"voteCount":1}
{"version":1,"type":"pollClose","sender":{"aci":"aaaaaaaa-aaaa-4aaa-8aaa-aaaaaaaaaaaa"},"chat":{"groupId":"Z3JvdXAtaWQtZ3JvdXAtaWQtZ3JvdXAtaWQtZ3JvdXA="},"timestamp":1789907403000,"time":"2026-09-20T12:30:03Z","sync":false,"targetTimestamp":1789907401000}
