{"version":1,"type":"connection","state":"connected"}
{"version":1,"type":"message","sender":{"aci":"aaaaaaaa-aaaa-4aaa-8aaa-aaaaaaaaaaaa","name":"Alice Smith"},"chat":{"recipient":{"aci":"aaaaaaaa-aaaa-4aaa-8aaa-aaaaaaaaaaaa","name":"Alice Smith"}},"timestamp":1789907401000,"time":"2026-09-20T12:30:01Z","serverTime":"2026-09-20T12:30:01.5Z","sync":false,"body":"hello\nworld","attachments":[{"contentType":"image/jpeg","filename":"photo.jpg","size":12345,"caption":"the view"}],"quote":{"author":{"aci":"11111111-1111-1111-1111-111111111111"},"timestamp":1789907400000,"text":"what are you up to this afternoon, anything fun?"}}
{"version":1,"type":"message","sender":{"aci":"aaaaaaaa-aaaa-4aaa-8aaa-aaaaaaaaaaaa","name":"Alice Smith"},"chat":{"groupId":"Z3JvdXAtaWQtZ3JvdXAtaWQtZ3JvdXAtaWQtZ3JvdXA="},"timestamp":1789907402000,"time":"2026-09-20T12:30:02Z","serverTime":"2026-09-20T12:30:02.5Z","sync":false,"body":"hi all"}
{"version":1,"type":"message","sender":{"aci":"bbbbbbbb-bbbb-4bbb-8bbb-bbbbbbbbbbbb"},"chat":{"recipient":{"aci":"bbbbbbbb-bbbb-4bbb-8bbb-bbbbbbbbbbbb"}},"timestamp":1789907403000,"time":"2026-09-20T12:30:03Z","serverTime":"2026-09-20T12:30:03.5Z","sync":false,"sticker":{"packId":"0123456789abcdef0123456789abcdef","stickerId":7,"emoji":"😀"}}
{"version":1,"type":"message","sender":{"aci":"bbbbbbbb-bbbb-4bbb-8bbb-bbbbbbbbbbbb"},"chat":{"recipient":{"aci":"bbbbbbbb-bbbb-4bbb-8bbb-bbbbbbbbbbbb"}},"timestamp":1789907404000,"time":"2026-09-20T12:30:04Z","serverTime":"2026-09-20T12:30:04.5Z","sync":false,"attachments":[{"contentType":"video/mp4","size":3400000}],"viewOnce":true}
{"version":1,"type":"message","sender":{"aci":"bbbbbbbb-bbbb-4bbb-8bbb-bbbbbbbbbbbb"},"chat":{"recipient":{"aci":"bbbbbbbb-bbbb-4bbb-8bbb-bbbbbbbbbbbb"}},"timestamp":1789907405000,"time":"2026-09-20T12:30:05Z","serverTime":"2026-09-20T12:30:05.5Z","sync":false,"body":"nice story","unsupported":["storyReply"]}
{"version":1,"type":"message","sender":{"aci":"11111111-1111-1111-1111-111111111111"},"chat":{"recipient":{"aci":"bbbbbbbb-bbbb-4bbb-8bbb-bbbbbbbbbbbb"}},"timestamp":1789907406000,"time":"2026-09-20T12:30:06Z","serverTime":"2026-09-20T12:30:06.5Z","sync":true,"body":"sent from the phone"}
{"version":1,"type":"message","sender":{"aci":"11111111-1111-1111-1111-111111111111"},"chat":{"groupId":"Z3JvdXAtaWQtZ3JvdXAtaWQtZ3JvdXAtaWQtZ3JvdXA="},"timestamp":1789907407000,"time":"2026-09-20T12:30:07Z","serverTime":"2026-09-20T12:30:07.5Z","sync":true,"body":"to the group"}
{"version":1,"type":"message","sender":{"aci":"11111111-1111-1111-1111-111111111111"},"chat":{"recipient":{"aci":"11111111-1111-1111-1111-111111111111"}},"timestamp":1789907408000,"time":"2026-09-20T12:30:08Z","serverTime":"2026-09-20T12:30:08.5Z","sync":true,"body":"note to self"}
{"version":1,"type":"edit","sender":{"aci":"aaaaaaaa-aaaa-4aaa-8aaa-aaaaaaaaaaaa","name":"Alice Smith"},"chat":{"recipient":{"aci":"aaaaaaaa-aaaa-4aaa-8aaa-aaaaaaaaaaaa","name":"Alice Smith"}},"timestamp":1789907409000,"time":"2026-09-20T12:30:09Z","serverTime":"2026-09-20T12:30:09.5Z","sync":false,"targetTimestamp":1789907401000,"body":"hello there"}
{"version":1,"type":"delete","sender":{"aci":"aaaaaaaa-aaaa-4aaa-8aaa-aaaaaaaaaaaa","name":"Alice Smith"},"chat":{"groupId":"Z3JvdXAtaWQtZ3JvdXAtaWQtZ3JvdXAtaWQtZ3JvdXA="},"timestamp":1789907410000,"time":"2026-09-20T12:30:10Z","serverTime":"2026-09-20T12:30:10.5Z","sync":false,"targetTimestamp":1789907402000}
{"version":1,"type":"reaction","sender":{"aci":"bbbbbbbb-bbbb-4bbb-8bbb-bbbbbbbbbbbb"},"chat":{"recipient":{"aci":"bbbbbbbb-bbbb-4bbb-8bbb-bbbbbbbbbbbb"}},"timestamp":1789907411000,"time":"2026-09-20T12:30:11Z","serverTime":"2026-09-20T12:30:11.5Z","sync":false,"emoji":"👍","remove":false,"targetAuthor":{"aci":"aaaaaaaa-aaaa-4aaa-8aaa-aaaaaaaaaaaa","name":"Alice Smith"},"targetTimestamp":1789907401000}
{"version":1,"type":"reaction","sender":{"aci":"bbbbbbbb-bbbb-4bbb-8bbb-bbbbbbbbbbbb"},"chat":{"recipient":{"aci":"bbbbbbbb-bbbb-4bbb-8bbb-bbbbbbbbbbbb"}},"timestamp":1789907412000,"time":"2026-09-20T12:30:12Z","serverTime":"2026-09-20T12:30:12.5Z","sync":false,"emoji":"👍","remove":true,"targetAuthor":{"aci":"aaaaaaaa-aaaa-4aaa-8aaa-aaaaaaaaaaaa","name":"Alice Smith"},"targetTimestamp":1789907401000}
{"version":1,"type":"typing","sender":{"aci":"aaaaaaaa-aaaa-4aaa-8aaa-aaaaaaaaaaaa","name":"Alice Smith"},"chat":{"groupId":"Z3JvdXAtaWQtZ3JvdXAtaWQtZ3JvdXAtaWQtZ3JvdXA="},"timestamp":1789907413000,"time":"2026-09-20T12:30:13Z","serverTime":"2026-09-20T12:30:13.5Z","sync":false,"action":"started"}
{"version":1,"type":"typing","sender":{"aci":"aaaaaaaa-aaaa-4aaa-8aaa-aaaaaaaaaaaa","name":"Alice Smith"},"chat":{"groupId":"Z3JvdXAtaWQtZ3JvdXAtaWQtZ3JvdXAtaWQtZ3JvdXA="},"timestamp":1789907414000,"time":"2026-09-20T12:30:14Z","serverTime":"2026-09-20T12:30:14.5Z","sync":false,"action":"stopped"}
{"version":1,"type":"receipt","sender":{"aci":"bbbbbbbb-bbbb-4bbb-8bbb-bbbbbbbbbbbb"},"receiptType":"delivery","timestamps":[1789907406000]}
{"version":1,"type":"receipt","sender":{"aci":"bbbbbbbb-bbbb-4bbb-8bbb-bbbbbbbbbbbb"},"receiptType":"read","timestamps":[1789907406000,1789907407000]}
{"version":1,"type":"receipt","sender":{"aci":"bbbbbbbb-bbbb-4bbb-8bbb-bbbbbbbbbbbb"},"receiptType":"viewed","timestamps":[1789907406000]}
{"version":1,"type":"readSync","timestamp":1789907415000,"time":"2026-09-20T12:30:15Z","messages":[{"sender":{"aci":"aaaaaaaa-aaaa-4aaa-8aaa-aaaaaaaaaaaa","name":"Alice Smith"},"timestamp":1789907401000},{"sender":{"aci":"bbbbbbbb-bbbb-4bbb-8bbb-bbbbbbbbbbbb"},"timestamp":1789907403000}]}
{"version":1,"type":"unsupported","sender":{"aci":"aaaaaaaa-aaaa-4aaa-8aaa-aaaaaaaaaaaa","name":"Alice Smith"},"chat":{"recipient":{"aci":"aaaaaaaa-aaaa-4aaa-8aaa-aaaaaaaaaaaa","name":"Alice Smith"}},"timestamp":1789907416000,"time":"2026-09-20T12:30:16Z","serverTime":"2026-09-20T12:30:16.5Z","sync":false,"content":"call"}
{"version":1,"type":"unsupported","sender":{"aci":"bbbbbbbb-bbbb-4bbb-8bbb-bbbbbbbbbbbb"},"chat":{"groupId":"Z3JvdXAtaWQtZ3JvdXAtaWQtZ3JvdXAtaWQtZ3JvdXA="},"timestamp":1789907417000,"time":"2026-09-20T12:30:17Z","serverTime":"2026-09-20T12:30:17.5Z","sync":false,"content":"groupUpdate"}
{"version":1,"type":"unsupported","sender":{"aci":"11111111-1111-1111-1111-111111111111"},"chat":{},"timestamp":1789907418000,"time":"2026-09-20T12:30:18Z","serverTime":"2026-09-20T12:30:18.5Z","sync":true,"content":"deleteForMe"}
{"version":1,"type":"decryptionFailure","sender":{"aci":"aaaaaaaa-aaaa-4aaa-8aaa-aaaaaaaaaaaa","name":"Alice Smith"},"timestamp":1789907419000,"time":"2026-09-20T12:30:19Z","error":"unexpected EOF"}
{"version":1,"type":"queueEmpty"}
{"version":1,"type":"connection","state":"disconnected","error":"unexpected EOF"}
