{"version":1,"type":"pin","sender":{"aci":"aaaaaaaa-aaaa-4aaa-8aaa-aaaaaaaaaaaa"},"chat":{"groupId":"Z3JvdXAtaWQtZ3JvdXAtaWQtZ3JvdXAtaWQtZ3JvdXA="},"timestamp":1789907402000,"time":"2026-09-20T12:30:02Z","sync":false,"targetAuthor":{"aci":"aaaaaaaa-aaaa-4aaa-8aaa-aaaaaaaaaaaa"},"targetTimestamp":1789907401000,"durationSeconds":86400,"forever":false}
{"version":1,"type":"pin","sender":{"aci":"11111111-1111-1111-1111-111111111111"},"chat":{"groupId":"Z3JvdXAtaWQtZ3JvdXAtaWQtZ3JvdXAtaWQtZ3JvdXA="},"timestamp":1789907403000,"time":"2026-09-20T12:30:03Z","sync":true,"targetAuthor":{"aci":"aaaaaaaa-aaaa-4aaa-8aaa-aaaaaaaaaaaa"},"targetTimestamp":1789907401001,"durationSeconds":0,"forever":true}
{"version":1,"type":"unpin","sender":{"aci":"aaaaaaaa-aaaa-4aaa-8aaa-aaaaaaaaaaaa"},"chat":{"groupId":"Z3JvdXAtaWQtZ3JvdXAtaWQtZ3JvdXAtaWQtZ3JvdXA="},"timestamp":1789907404000,"time":"2026-09-20T12:30:04Z","sync":false,"targetAuthor":{"aci":"aaaaaaaa-aaaa-4aaa-8aaa-aaaaaaaaaaaa"},"targetTimestamp":1789907401000}
