{"version":1,"type":"message","sender":{"aci":"aaaaaaaa-aaaa-4aaa-8aaa-aaaaaaaaaaaa"},"chat":{"recipient":{"aci":"aaaaaaaa-aaaa-4aaa-8aaa-aaaaaaaaaaaa"}},"timestamp":1789907401000,"time":"2026-09-20T12:30:01Z","serverTime":"2026-09-20T12:30:01.5Z","sync":false,"body":"two photos","attachments":[{"contentType":"image/jpeg","filename":"../../photo.jpg","size":3,"path":"$DIR/1789907401000-1-photo.jpg"},{"contentType":"audio/aac","size":3,"path":"$DIR/1789907401000-2-attachment.aac"}]}
{"version":1,"type":"message","sender":{"aci":"aaaaaaaa-aaaa-4aaa-8aaa-aaaaaaaaaaaa"},"chat":{"recipient":{"aci":"aaaaaaaa-aaaa-4aaa-8aaa-aaaaaaaaaaaa"}},"timestamp":1789907402000,"time":"2026-09-20T12:30:02Z","serverTime":"2026-09-20T12:30:02.5Z","sync":false,"attachments":[{"contentType":"application/pdf","filename":"doc.pdf","size":3,"downloadError":"attachment not found on the CDN (fake)"},{"contentType":"image/png","size":3,"downloadError":"CDN unreachable"}]}
{"version":1,"type":"message","sender":{"aci":"aaaaaaaa-aaaa-4aaa-8aaa-aaaaaaaaaaaa"},"chat":{"recipient":{"aci":"aaaaaaaa-aaaa-4aaa-8aaa-aaaaaaaaaaaa"}},"timestamp":1789907403000,"time":"2026-09-20T12:30:03Z","serverTime":"2026-09-20T12:30:03.5Z","sync":false,"attachments":[{"contentType":"image/jpeg","size":3,"path":"$DIR/1789907403000-1-attachment.jpg"}],"viewOnce":true}
{"version":1,"type":"message","sender":{"aci":"aaaaaaaa-aaaa-4aaa-8aaa-aaaaaaaaaaaa"},"chat":{"recipient":{"aci":"aaaaaaaa-aaaa-4aaa-8aaa-aaaaaaaaaaaa"}},"timestamp":1789907404000,"time":"2026-09-20T12:30:04Z","serverTime":"2026-09-20T12:30:04.5Z","sync":false,"body":"no attachments"}
