RECIPIENT                                           TIMESTAMP      STATUS   DETAILS
+15550101                                           1790000000000  sent     sealed sender
@bob.42                                             1790000000000  failed   recipient unreachable
group:Z3JvdXAtaWQtZ3JvdXAtaWQtZ3JvdXAtaWQtZ3JvdXA=  1790000000000  partial  1 of 2 members failed: cccccccc-cccc-4ccc-8ccc-cccccccccccc: recipient unreachable
group:AAAAAAAAAAAAAAAAAAAAAAAAAAAAAAAAAAAAAAAAAAA=  1790000000000  failed   unknown group AAAAAAAAAAAAAAAAAAAAAAAAAAAAAAAAAAAAAAAAAAA= (fake)
