{"version":1,"send":{"timestamp":1790000000000,"results":[{"type":"user","number":"+15550101","aci":"aaaaaaaa-aaaa-4aaa-8aaa-aaaaaaaaaaaa","timestamp":1790000000000,"success":false,"unidentified":false,"error":"identity key not trusted: safety number with aaaaaaaa-aaaa-4aaa-8aaa-aaaaaaaaaaaa changed; verify it with `go-signal identities show aaaaaaaa-aaaa-4aaa-8aaa-aaaaaaaaaaaa`, then run `go-signal identities trust aaaaaaaa-aaaa-4aaa-8aaa-aaaaaaaaaaaa`"},{"type":"user","username":"bob.42","aci":"bbbbbbbb-bbbb-4bbb-8bbb-bbbbbbbbbbbb","timestamp":1790000000000,"success":true,"unidentified":true}]}}
