{"version":1,"storageVersion":42,"storyAudiences":[{"id":"00000000-0000-0000-0000-000000000000","name":"My Story","isBlockList":true,"allowsReplies":true,"recipients":["aaaaaaaa-aaaa-4aaa-8aaa-aaaaaaaaaaaa","cccccccc-cccc-4ccc-8ccc-cccccccccccc"]},{"id":"76543210-1234-4321-8234-123456789abc","name":"Friends","isBlockList":false,"allowsReplies":false,"recipients":["aaaaaaaa-aaaa-4aaa-8aaa-aaaaaaaaaaaa"]}]}
