{"version":1,"storySend":{"timestamp":1790000000000,"results":[{"type":"user","aci":"aaaaaaaa-aaaa-4aaa-8aaa-aaaaaaaaaaaa","timestamp":1790000000000,"success":true,"unidentified":true},{"type":"user","aci":"cccccccc-cccc-4ccc-8ccc-cccccccccccc","timestamp":1790000000000,"success":false,"unidentified":false,"error":"recipient unreachable"}],"allowsReplies":false,"distributionListId":"00000000-0000-0000-0000-000000000000","storageVersion":42,"syncError":"transcript rejected"}}
